// Jest Snapshot v1, https://goo.gl/fbAQLP

exports[`<Button> renders correctly 1`] = `
<button
  className="sc-bdfBwQ sc-gsTCUz goIjVs csthOT"
  type="button"
>
  Button
</button>
`;
