// Jest Snapshot v1, https://goo.gl/fbAQLP

exports[`<Text> renders correctly 1`] = `
<span
  className="sc-bdVaJa sc-bwzfXH ijzeAa"
>
  Text
</span>
`;
